---
source: src/lib.rs
expression: ron
---
File(
  extentions: [],
  value: WsLead(
    leading: Whitespace([]),
    content: Struct(Struct(
      ident: None,
      fields: Separated(
        values: [
          WsWrapped(
            leading: Whitespace([
              Space("\n    "),
            ]),
            content: NamedField(
              key: "value",
              after_key: Whitespace([]),
              value: WsLead(
                leading: Whitespace([
                  Space(" "),
                ]),
                content: Str(Baked("string")),
              ),
            ),
            following: Whitespace([]),
          ),
          WsWrapped(
            leading: Whitespace([
              Space("\n    "),
            ]),
            content: NamedField(
              key: "value",
              after_key: Whitespace([]),
              value: WsLead(
                leading: Whitespace([
                  Space(" "),
                ]),
                content: Float(Float("inf")),
              ),
            ),
            following: Whitespace([]),
          ),
          WsWrapped(
            leading: Whitespace([
              Space("\n    "),
            ]),
            content: NamedField(
              key: "value",
              after_key: Whitespace([]),
              value: WsLead(
                leading: Whitespace([
                  Space(" "),
                ]),
                content: Float(Float("+NaN")),
              ),
            ),
            following: Whitespace([
              Space("\n"),
            ]),
          ),
        ],
        trailing_comma: false,
        trailing_ws: Whitespace([]),
      ),
    )),
  ),
  trailing_ws: Whitespace([
    Space("\n"),
  ]),
)
